mode: set
RideUleam/internal/handlers/rutaProgramada/auth.go:14.68,17.63 2 1
RideUleam/internal/handlers/rutaProgramada/auth.go:17.63,20.3 2 0
RideUleam/internal/handlers/rutaProgramada/auth.go:22.2,23.16 2 1
RideUleam/internal/handlers/rutaProgramada/auth.go:23.16,26.3 2 0
RideUleam/internal/handlers/rutaProgramada/auth.go:28.2,28.47 1 1
RideUleam/internal/handlers/rutaProgramada/auth.go:31.64,34.63 2 1
RideUleam/internal/handlers/rutaProgramada/auth.go:34.63,37.3 2 0
RideUleam/internal/handlers/rutaProgramada/auth.go:39.2,40.16 2 1
RideUleam/internal/handlers/rutaProgramada/auth.go:40.16,43.3 2 0
RideUleam/internal/handlers/rutaProgramada/auth.go:45.2,45.68 1 1
RideUleam/internal/handlers/rutaProgramada/respond.go:8.73,12.2 3 1
RideUleam/internal/handlers/rutaProgramada/respond.go:14.72,16.2 1 0
RideUleam/internal/handlers/rutaProgramada/ruta_programada.go:19.81,23.2 2 0
RideUleam/internal/handlers/rutaProgramada/ruta_programada.go:25.80,27.16 2 0
RideUleam/internal/handlers/rutaProgramada/ruta_programada.go:27.16,30.3 2 0
RideUleam/internal/handlers/rutaProgramada/ruta_programada.go:32.2,33.16 2 0
RideUleam/internal/handlers/rutaProgramada/ruta_programada.go:33.16,34.46 1 0
RideUleam/internal/handlers/rutaProgramada/ruta_programada.go:34.46,37.4 2 0
RideUleam/internal/handlers/rutaProgramada/ruta_programada.go:39.3,40.9 2 0
RideUleam/internal/handlers/rutaProgramada/ruta_programada.go:43.2,43.39 1 0
RideUleam/internal/handlers/rutaProgramada/ruta_programada.go:46.78,49.62 2 1
RideUleam/internal/handlers/rutaProgramada/ruta_programada.go:49.62,52.3 2 0
RideUleam/internal/handlers/rutaProgramada/ruta_programada.go:54.2,55.16 2 1
RideUleam/internal/handlers/rutaProgramada/ruta_programada.go:55.16,58.3 2 0
RideUleam/internal/handlers/rutaProgramada/ruta_programada.go:60.2,60.46 1 1
RideUleam/internal/handlers/rutaProgramada/ruta_programada.go:63.83,65.16 2 0
RideUleam/internal/handlers/rutaProgramada/ruta_programada.go:65.16,68.3 2 0
RideUleam/internal/handlers/rutaProgramada/ruta_programada.go:70.2,72.63 2 0
RideUleam/internal/handlers/rutaProgramada/ruta_programada.go:72.63,75.3 2 0
RideUleam/internal/handlers/rutaProgramada/ruta_programada.go:77.2,78.16 2 0
RideUleam/internal/handlers/rutaProgramada/ruta_programada.go:78.16,79.46 1 0
RideUleam/internal/handlers/rutaProgramada/ruta_programada.go:79.46,82.4 2 0
RideUleam/internal/handlers/rutaProgramada/ruta_programada.go:84.3,85.9 2 0
RideUleam/internal/handlers/rutaProgramada/ruta_programada.go:88.2,88.46 1 0
RideUleam/internal/handlers/rutaProgramada/ruta_programada.go:91.79,93.16 2 0
RideUleam/internal/handlers/rutaProgramada/ruta_programada.go:93.16,96.3 2 0
RideUleam/internal/handlers/rutaProgramada/ruta_programada.go:98.2,99.16 2 0
RideUleam/internal/handlers/rutaProgramada/ruta_programada.go:99.16,100.46 1 0
RideUleam/internal/handlers/rutaProgramada/ruta_programada.go:100.46,103.4 2 0
RideUleam/internal/handlers/rutaProgramada/ruta_programada.go:105.3,106.9 2 0
RideUleam/internal/handlers/rutaProgramada/ruta_programada.go:109.2,109.37 1 0
RideUleam/internal/handlers/rutaProgramada/ruta_programada.go:112.89,114.16 2 0
RideUleam/internal/handlers/rutaProgramada/ruta_programada.go:114.16,117.3 2 0
RideUleam/internal/handlers/rutaProgramada/ruta_programada.go:119.2,120.16 2 0
RideUleam/internal/handlers/rutaProgramada/ruta_programada.go:120.16,121.46 1 0
RideUleam/internal/handlers/rutaProgramada/ruta_programada.go:121.46,124.4 2 0
RideUleam/internal/handlers/rutaProgramada/ruta_programada.go:126.3,127.9 2 0
RideUleam/internal/handlers/rutaProgramada/ruta_programada.go:130.2,130.43 1 0
RideUleam/internal/handlers/rutaProgramada/ruta_programada.go:133.87,135.16 2 0
RideUleam/internal/handlers/rutaProgramada/ruta_programada.go:135.16,138.3 2 0
RideUleam/internal/handlers/rutaProgramada/ruta_programada.go:140.2,141.16 2 0
RideUleam/internal/handlers/rutaProgramada/ruta_programada.go:141.16,142.46 1 0
RideUleam/internal/handlers/rutaProgramada/ruta_programada.go:142.46,145.4 2 0
RideUleam/internal/handlers/rutaProgramada/ruta_programada.go:147.3,148.9 2 0
RideUleam/internal/handlers/rutaProgramada/ruta_programada.go:151.2,159.44 2 0
RideUleam/internal/handlers/rutaProgramada/ruta_programada.go:166.77,170.2 2 0
RideUleam/internal/handlers/rutaProgramada/ruta_programada.go:172.77,174.16 2 0
RideUleam/internal/handlers/rutaProgramada/ruta_programada.go:174.16,177.3 2 0
RideUleam/internal/handlers/rutaProgramada/ruta_programada.go:179.2,180.16 2 0
RideUleam/internal/handlers/rutaProgramada/ruta_programada.go:180.16,181.46 1 0
RideUleam/internal/handlers/rutaProgramada/ruta_programada.go:181.46,184.4 2 0
RideUleam/internal/handlers/rutaProgramada/ruta_programada.go:186.3,187.9 2 0
RideUleam/internal/handlers/rutaProgramada/ruta_programada.go:190.2,190.42 1 0
RideUleam/internal/handlers/rutaProgramada/ruta_programada.go:193.75,196.65 2 0
RideUleam/internal/handlers/rutaProgramada/ruta_programada.go:196.65,199.3 2 0
RideUleam/internal/handlers/rutaProgramada/ruta_programada.go:201.2,202.16 2 0
RideUleam/internal/handlers/rutaProgramada/ruta_programada.go:202.16,205.3 2 0
RideUleam/internal/handlers/rutaProgramada/ruta_programada.go:207.2,207.46 1 0
RideUleam/internal/handlers/rutaProgramada/ruta_programada.go:210.80,212.16 2 0
RideUleam/internal/handlers/rutaProgramada/ruta_programada.go:212.16,215.3 2 0
RideUleam/internal/handlers/rutaProgramada/ruta_programada.go:217.2,219.63 2 0
RideUleam/internal/handlers/rutaProgramada/ruta_programada.go:219.63,222.3 2 0
RideUleam/internal/handlers/rutaProgramada/ruta_programada.go:224.2,225.16 2 0
RideUleam/internal/handlers/rutaProgramada/ruta_programada.go:225.16,226.46 1 0
RideUleam/internal/handlers/rutaProgramada/ruta_programada.go:226.46,229.4 2 0
RideUleam/internal/handlers/rutaProgramada/ruta_programada.go:231.3,232.9 2 0
RideUleam/internal/handlers/rutaProgramada/ruta_programada.go:235.2,235.46 1 0
RideUleam/internal/handlers/rutaProgramada/ruta_programada.go:238.76,240.16 2 0
RideUleam/internal/handlers/rutaProgramada/ruta_programada.go:240.16,243.3 2 0
RideUleam/internal/handlers/rutaProgramada/ruta_programada.go:245.2,246.16 2 0
RideUleam/internal/handlers/rutaProgramada/ruta_programada.go:246.16,247.46 1 0
RideUleam/internal/handlers/rutaProgramada/ruta_programada.go:247.46,250.4 2 0
RideUleam/internal/handlers/rutaProgramada/ruta_programada.go:252.3,253.9 2 0
RideUleam/internal/handlers/rutaProgramada/ruta_programada.go:256.2,256.37 1 0
RideUleam/internal/handlers/rutaProgramada/ruta_programada.go:263.87,267.2 2 0
RideUleam/internal/handlers/rutaProgramada/ruta_programada.go:269.87,271.16 2 0
RideUleam/internal/handlers/rutaProgramada/ruta_programada.go:271.16,274.3 2 0
RideUleam/internal/handlers/rutaProgramada/ruta_programada.go:276.2,277.16 2 0
RideUleam/internal/handlers/rutaProgramada/ruta_programada.go:277.16,278.46 1 0
RideUleam/internal/handlers/rutaProgramada/ruta_programada.go:278.46,281.4 2 0
RideUleam/internal/handlers/rutaProgramada/ruta_programada.go:283.3,284.9 2 0
RideUleam/internal/handlers/rutaProgramada/ruta_programada.go:287.2,287.48 1 0
RideUleam/internal/handlers/rutaProgramada/ruta_programada.go:290.85,293.71 2 0
RideUleam/internal/handlers/rutaProgramada/ruta_programada.go:293.71,296.3 2 0
RideUleam/internal/handlers/rutaProgramada/ruta_programada.go:298.2,299.16 2 0
RideUleam/internal/handlers/rutaProgramada/ruta_programada.go:299.16,302.3 2 0
RideUleam/internal/handlers/rutaProgramada/ruta_programada.go:304.2,304.46 1 0
RideUleam/internal/handlers/rutaProgramada/ruta_programada.go:307.90,309.16 2 0
RideUleam/internal/handlers/rutaProgramada/ruta_programada.go:309.16,312.3 2 0
RideUleam/internal/handlers/rutaProgramada/ruta_programada.go:314.2,316.63 2 0
RideUleam/internal/handlers/rutaProgramada/ruta_programada.go:316.63,319.3 2 0
RideUleam/internal/handlers/rutaProgramada/ruta_programada.go:321.2,322.16 2 0
RideUleam/internal/handlers/rutaProgramada/ruta_programada.go:322.16,323.46 1 0
RideUleam/internal/handlers/rutaProgramada/ruta_programada.go:323.46,326.4 2 0
RideUleam/internal/handlers/rutaProgramada/ruta_programada.go:328.3,329.9 2 0
RideUleam/internal/handlers/rutaProgramada/ruta_programada.go:332.2,332.46 1 0
RideUleam/internal/handlers/rutaProgramada/ruta_programada.go:335.86,337.16 2 0
RideUleam/internal/handlers/rutaProgramada/ruta_programada.go:337.16,340.3 2 0
RideUleam/internal/handlers/rutaProgramada/ruta_programada.go:342.2,343.16 2 0
RideUleam/internal/handlers/rutaProgramada/ruta_programada.go:343.16,344.46 1 0
RideUleam/internal/handlers/rutaProgramada/ruta_programada.go:344.46,347.4 2 0
RideUleam/internal/handlers/rutaProgramada/ruta_programada.go:349.3,350.9 2 0
RideUleam/internal/handlers/rutaProgramada/ruta_programada.go:353.2,353.37 1 0
RideUleam/internal/handlers/rutaProgramada/ruta_programada.go:356.89,358.16 2 0
RideUleam/internal/handlers/rutaProgramada/ruta_programada.go:358.16,361.3 2 0
RideUleam/internal/handlers/rutaProgramada/ruta_programada.go:363.2,365.49 2 0
RideUleam/internal/handlers/rutaProgramada/server.go:15.93,20.2 1 1
RideUleam/internal/service/rutaProgramada/ruta_programada.go:14.79,18.2 1 1
RideUleam/internal/service/rutaProgramada/ruta_programada.go:24.62,25.27 1 1
RideUleam/internal/service/rutaProgramada/ruta_programada.go:25.27,27.3 1 0
RideUleam/internal/service/rutaProgramada/ruta_programada.go:29.2,29.23 1 1
RideUleam/internal/service/rutaProgramada/ruta_programada.go:29.23,31.3 1 0
RideUleam/internal/service/rutaProgramada/ruta_programada.go:33.2,33.24 1 1
RideUleam/internal/service/rutaProgramada/ruta_programada.go:33.24,35.3 1 0
RideUleam/internal/service/rutaProgramada/ruta_programada.go:37.2,37.20 1 1
RideUleam/internal/service/rutaProgramada/ruta_programada.go:37.20,39.3 1 1
RideUleam/internal/service/rutaProgramada/ruta_programada.go:41.2,41.12 1 1
RideUleam/internal/service/rutaProgramada/ruta_programada.go:44.59,45.25 1 1
RideUleam/internal/service/rutaProgramada/ruta_programada.go:45.25,47.3 1 0
RideUleam/internal/service/rutaProgramada/ruta_programada.go:49.2,49.23 1 1
RideUleam/internal/service/rutaProgramada/ruta_programada.go:49.23,51.3 1 0
RideUleam/internal/service/rutaProgramada/ruta_programada.go:53.2,53.24 1 1
RideUleam/internal/service/rutaProgramada/ruta_programada.go:53.24,55.3 1 1
RideUleam/internal/service/rutaProgramada/ruta_programada.go:57.2,57.12 1 1
RideUleam/internal/service/rutaProgramada/ruta_programada.go:60.85,61.35 1 1
RideUleam/internal/service/rutaProgramada/ruta_programada.go:61.35,63.3 1 0
RideUleam/internal/service/rutaProgramada/ruta_programada.go:65.2,65.37 1 1
RideUleam/internal/service/rutaProgramada/ruta_programada.go:65.37,67.3 1 0
RideUleam/internal/service/rutaProgramada/ruta_programada.go:69.2,69.34 1 1
RideUleam/internal/service/rutaProgramada/ruta_programada.go:69.34,71.3 1 0
RideUleam/internal/service/rutaProgramada/ruta_programada.go:73.2,73.32 1 1
RideUleam/internal/service/rutaProgramada/ruta_programada.go:73.32,75.3 1 1
RideUleam/internal/service/rutaProgramada/ruta_programada.go:77.2,77.12 1 0
RideUleam/internal/service/rutaProgramada/ruta_programada.go:84.82,86.2 1 0
RideUleam/internal/service/rutaProgramada/ruta_programada.go:88.94,90.9 2 1
RideUleam/internal/service/rutaProgramada/ruta_programada.go:90.9,92.3 1 1
RideUleam/internal/service/rutaProgramada/ruta_programada.go:94.2,94.18 1 0
RideUleam/internal/service/rutaProgramada/ruta_programada.go:97.112,98.52 1 1
RideUleam/internal/service/rutaProgramada/ruta_programada.go:98.52,100.3 1 1
RideUleam/internal/service/rutaProgramada/ruta_programada.go:102.2,104.20 2 1
RideUleam/internal/service/rutaProgramada/ruta_programada.go:107.126,108.53 1 0
RideUleam/internal/service/rutaProgramada/ruta_programada.go:108.53,110.3 1 0
RideUleam/internal/service/rutaProgramada/ruta_programada.go:112.2,113.9 2 0
RideUleam/internal/service/rutaProgramada/ruta_programada.go:113.9,115.3 1 0
RideUleam/internal/service/rutaProgramada/ruta_programada.go:117.2,117.25 1 0
RideUleam/internal/service/rutaProgramada/ruta_programada.go:120.68,122.9 2 0
RideUleam/internal/service/rutaProgramada/ruta_programada.go:122.9,124.3 1 0
RideUleam/internal/service/rutaProgramada/ruta_programada.go:126.2,126.12 1 0
RideUleam/internal/service/rutaProgramada/ruta_programada.go:129.106,131.9 2 0
RideUleam/internal/service/rutaProgramada/ruta_programada.go:131.9,133.3 1 0
RideUleam/internal/service/rutaProgramada/ruta_programada.go:135.2,137.22 2 0
RideUleam/internal/service/rutaProgramada/ruta_programada.go:140.127,142.9 2 0
RideUleam/internal/service/rutaProgramada/ruta_programada.go:142.9,144.3 1 0
RideUleam/internal/service/rutaProgramada/ruta_programada.go:146.2,148.28 2 0
RideUleam/internal/service/rutaProgramada/ruta_programada.go:155.75,157.2 1 0
RideUleam/internal/service/rutaProgramada/ruta_programada.go:159.88,161.9 2 0
RideUleam/internal/service/rutaProgramada/ruta_programada.go:161.9,163.3 1 0
RideUleam/internal/service/rutaProgramada/ruta_programada.go:165.2,165.21 1 0
RideUleam/internal/service/rutaProgramada/ruta_programada.go:167.106,168.52 1 1
RideUleam/internal/service/rutaProgramada/ruta_programada.go:168.52,170.3 1 1
RideUleam/internal/service/rutaProgramada/ruta_programada.go:172.2,173.9 2 1
RideUleam/internal/service/rutaProgramada/ruta_programada.go:173.9,175.3 1 0
RideUleam/internal/service/rutaProgramada/ruta_programada.go:177.2,179.20 2 1
RideUleam/internal/service/rutaProgramada/ruta_programada.go:182.117,183.50 1 0
RideUleam/internal/service/rutaProgramada/ruta_programada.go:183.50,185.3 1 0
RideUleam/internal/service/rutaProgramada/ruta_programada.go:187.2,188.9 2 0
RideUleam/internal/service/rutaProgramada/ruta_programada.go:188.9,190.3 1 0
RideUleam/internal/service/rutaProgramada/ruta_programada.go:192.2,193.9 2 0
RideUleam/internal/service/rutaProgramada/ruta_programada.go:193.9,195.3 1 0
RideUleam/internal/service/rutaProgramada/ruta_programada.go:197.2,197.25 1 0
RideUleam/internal/service/rutaProgramada/ruta_programada.go:200.65,202.9 2 0
RideUleam/internal/service/rutaProgramada/ruta_programada.go:202.9,204.3 1 0
RideUleam/internal/service/rutaProgramada/ruta_programada.go:206.2,206.12 1 0
RideUleam/internal/service/rutaProgramada/ruta_programada.go:213.95,215.2 1 0
RideUleam/internal/service/rutaProgramada/ruta_programada.go:217.108,219.9 2 0
RideUleam/internal/service/rutaProgramada/ruta_programada.go:219.9,221.3 1 0
RideUleam/internal/service/rutaProgramada/ruta_programada.go:223.2,223.27 1 0
RideUleam/internal/service/rutaProgramada/ruta_programada.go:226.142,227.68 1 1
RideUleam/internal/service/rutaProgramada/ruta_programada.go:227.68,229.3 1 1
RideUleam/internal/service/rutaProgramada/ruta_programada.go:231.2,233.20 2 0
RideUleam/internal/service/rutaProgramada/ruta_programada.go:236.147,237.60 1 0
RideUleam/internal/service/rutaProgramada/ruta_programada.go:237.60,239.3 1 0
RideUleam/internal/service/rutaProgramada/ruta_programada.go:241.2,242.9 2 0
RideUleam/internal/service/rutaProgramada/ruta_programada.go:242.9,244.3 1 0
RideUleam/internal/service/rutaProgramada/ruta_programada.go:246.2,246.25 1 0
RideUleam/internal/service/rutaProgramada/ruta_programada.go:249.75,251.9 2 0
RideUleam/internal/service/rutaProgramada/ruta_programada.go:251.9,253.3 1 0
RideUleam/internal/service/rutaProgramada/ruta_programada.go:255.2,255.12 1 0
RideUleam/internal/service/rutaProgramada/ruta_programada.go:258.111,260.2 1 0
RideUleam/internal/storage/rutaProgramada/factory.go:13.62,14.16 1 0
RideUleam/internal/storage/rutaProgramada/factory.go:15.18,19.46 3 0
RideUleam/internal/storage/rutaProgramada/factory.go:19.46,21.18 2 0
RideUleam/internal/storage/rutaProgramada/factory.go:21.18,23.5 1 0
RideUleam/internal/storage/rutaProgramada/factory.go:25.4,26.31 2 0
RideUleam/internal/storage/rutaProgramada/factory.go:29.3,29.70 1 0
RideUleam/internal/storage/rutaProgramada/factory.go:31.10,33.17 2 0
RideUleam/internal/storage/rutaProgramada/factory.go:33.17,35.4 1 0
RideUleam/internal/storage/rutaProgramada/factory.go:37.3,37.17 1 0
RideUleam/internal/storage/rutaProgramada/memoria.go:25.30,37.2 1 1
RideUleam/internal/storage/rutaProgramada/memoria.go:41.68,46.2 3 1
RideUleam/internal/storage/rutaProgramada/memoria.go:48.83,52.42 3 1
RideUleam/internal/storage/rutaProgramada/memoria.go:52.42,53.20 1 1
RideUleam/internal/storage/rutaProgramada/memoria.go:53.20,55.4 1 1
RideUleam/internal/storage/rutaProgramada/memoria.go:58.2,58.39 1 0
RideUleam/internal/storage/rutaProgramada/memoria.go:61.89,71.2 6 1
RideUleam/internal/storage/rutaProgramada/memoria.go:73.111,77.42 3 1
RideUleam/internal/storage/rutaProgramada/memoria.go:77.42,78.20 1 1
RideUleam/internal/storage/rutaProgramada/memoria.go:78.20,82.4 3 1
RideUleam/internal/storage/rutaProgramada/memoria.go:85.2,85.39 1 0
RideUleam/internal/storage/rutaProgramada/memoria.go:88.53,92.42 3 1
RideUleam/internal/storage/rutaProgramada/memoria.go:92.42,93.20 1 1
RideUleam/internal/storage/rutaProgramada/memoria.go:93.20,96.4 2 1
RideUleam/internal/storage/rutaProgramada/memoria.go:99.2,99.14 1 1
RideUleam/internal/storage/rutaProgramada/memoria.go:104.61,109.2 3 1
RideUleam/internal/storage/rutaProgramada/memoria.go:111.76,117.41 4 1
RideUleam/internal/storage/rutaProgramada/memoria.go:117.41,118.31 1 1
RideUleam/internal/storage/rutaProgramada/memoria.go:118.31,120.4 1 1
RideUleam/internal/storage/rutaProgramada/memoria.go:123.2,123.26 1 1
RideUleam/internal/storage/rutaProgramada/memoria.go:126.77,130.41 3 1
RideUleam/internal/storage/rutaProgramada/memoria.go:130.41,131.23 1 1
RideUleam/internal/storage/rutaProgramada/memoria.go:131.23,133.4 1 1
RideUleam/internal/storage/rutaProgramada/memoria.go:136.2,136.36 1 0
RideUleam/internal/storage/rutaProgramada/memoria.go:139.83,149.2 6 1
RideUleam/internal/storage/rutaProgramada/memoria.go:151.102,155.41 3 1
RideUleam/internal/storage/rutaProgramada/memoria.go:155.41,156.23 1 1
RideUleam/internal/storage/rutaProgramada/memoria.go:156.23,160.4 3 1
RideUleam/internal/storage/rutaProgramada/memoria.go:163.2,163.36 1 0
RideUleam/internal/storage/rutaProgramada/memoria.go:166.50,170.41 3 1
RideUleam/internal/storage/rutaProgramada/memoria.go:170.41,171.23 1 1
RideUleam/internal/storage/rutaProgramada/memoria.go:171.23,174.4 2 1
RideUleam/internal/storage/rutaProgramada/memoria.go:177.2,177.14 1 0
RideUleam/internal/storage/rutaProgramada/memoria.go:182.81,187.2 3 1
RideUleam/internal/storage/rutaProgramada/memoria.go:189.100,195.57 4 1
RideUleam/internal/storage/rutaProgramada/memoria.go:195.57,196.45 1 1
RideUleam/internal/storage/rutaProgramada/memoria.go:196.45,198.4 1 1
RideUleam/internal/storage/rutaProgramada/memoria.go:201.2,201.32 1 1
RideUleam/internal/storage/rutaProgramada/memoria.go:204.97,208.57 3 1
RideUleam/internal/storage/rutaProgramada/memoria.go:208.57,209.29 1 1
RideUleam/internal/storage/rutaProgramada/memoria.go:209.29,211.4 1 1
RideUleam/internal/storage/rutaProgramada/memoria.go:214.2,214.46 1 0
RideUleam/internal/storage/rutaProgramada/memoria.go:217.119,227.2 6 1
RideUleam/internal/storage/rutaProgramada/memoria.go:229.132,233.57 3 1
RideUleam/internal/storage/rutaProgramada/memoria.go:233.57,234.29 1 1
RideUleam/internal/storage/rutaProgramada/memoria.go:234.29,238.4 3 1
RideUleam/internal/storage/rutaProgramada/memoria.go:241.2,241.46 1 0
RideUleam/internal/storage/rutaProgramada/memoria.go:244.60,248.57 3 1
RideUleam/internal/storage/rutaProgramada/memoria.go:248.57,249.29 1 1
RideUleam/internal/storage/rutaProgramada/memoria.go:249.29,252.4 2 1
RideUleam/internal/storage/rutaProgramada/memoria.go:255.2,255.14 1 0
RideUleam/internal/storage/rutaProgramada/memoria.go:258.42,314.2 12 1
RideUleam/internal/storage/rutaProgramada/memoria.go:320.88,332.2 7 1
RideUleam/internal/storage/rutaProgramada/memoria.go:334.85,338.37 3 1
RideUleam/internal/storage/rutaProgramada/memoria.go:338.37,339.29 1 1
RideUleam/internal/storage/rutaProgramada/memoria.go:339.29,341.4 1 1
RideUleam/internal/storage/rutaProgramada/memoria.go:344.2,344.39 1 1
RideUleam/internal/storage/rutaProgramada/sqlite.go:18.53,20.2 1 1
RideUleam/internal/storage/rutaProgramada/sqlite.go:26.74,30.2 3 1
RideUleam/internal/storage/rutaProgramada/sqlite.go:32.89,35.72 2 1
RideUleam/internal/storage/rutaProgramada/sqlite.go:35.72,37.3 1 1
RideUleam/internal/storage/rutaProgramada/sqlite.go:39.2,39.19 1 1
RideUleam/internal/storage/rutaProgramada/sqlite.go:42.95,45.2 2 1
RideUleam/internal/storage/rutaProgramada/sqlite.go:47.117,50.57 2 1
RideUleam/internal/storage/rutaProgramada/sqlite.go:50.57,52.3 1 0
RideUleam/internal/storage/rutaProgramada/sqlite.go:54.2,57.20 3 1
RideUleam/internal/storage/rutaProgramada/sqlite.go:60.59,63.2 2 1
RideUleam/internal/storage/rutaProgramada/sqlite.go:69.67,73.2 3 1
RideUleam/internal/storage/rutaProgramada/sqlite.go:75.82,79.2 3 1
RideUleam/internal/storage/rutaProgramada/sqlite.go:81.83,84.55 2 1
RideUleam/internal/storage/rutaProgramada/sqlite.go:84.55,86.3 1 1
RideUleam/internal/storage/rutaProgramada/sqlite.go:88.2,88.22 1 1
RideUleam/internal/storage/rutaProgramada/sqlite.go:91.89,94.2 2 1
RideUleam/internal/storage/rutaProgramada/sqlite.go:96.108,99.57 2 1
RideUleam/internal/storage/rutaProgramada/sqlite.go:99.57,101.3 1 0
RideUleam/internal/storage/rutaProgramada/sqlite.go:103.2,106.20 3 1
RideUleam/internal/storage/rutaProgramada/sqlite.go:109.56,112.2 2 1
RideUleam/internal/storage/rutaProgramada/sqlite.go:118.87,122.2 3 1
RideUleam/internal/storage/rutaProgramada/sqlite.go:124.106,128.2 3 1
RideUleam/internal/storage/rutaProgramada/sqlite.go:130.103,133.61 2 1
RideUleam/internal/storage/rutaProgramada/sqlite.go:133.61,135.3 1 1
RideUleam/internal/storage/rutaProgramada/sqlite.go:137.2,137.28 1 1
RideUleam/internal/storage/rutaProgramada/sqlite.go:140.125,143.2 2 1
RideUleam/internal/storage/rutaProgramada/sqlite.go:145.138,148.57 2 1
RideUleam/internal/storage/rutaProgramada/sqlite.go:148.57,150.3 1 0
RideUleam/internal/storage/rutaProgramada/sqlite.go:152.2,155.20 3 1
RideUleam/internal/storage/rutaProgramada/sqlite.go:158.66,161.2 2 1
RideUleam/internal/storage/rutaProgramada/sqlite.go:169.42,173.11 3 1
RideUleam/internal/storage/rutaProgramada/sqlite.go:173.11,175.3 1 1
RideUleam/internal/storage/rutaProgramada/sqlite.go:177.2,220.30 6 1
